分类: 📺央视频道, 名称: CCTV-1, 有效: 3, IPv4: 5, IPv6: 0, 最小延迟: 90 ms, 最高速率: 7.42 M/s, 平均速率: 6.33 M/s, 最高分辨率: 1920x1080, 平均帧率: 30.00, 视频编解码器: h264, 音频编解码器: aac
分类: 📺央视频道, 名称: CCTV-2, 有效: 3, IPv4: 5, IPv6: 0, 最小延迟: 93 ms, 最高速率: 7.35 M/s, 平均速率: 6.85 M/s, 最高分辨率: 1920x1080, 平均帧率: 30.00, 视频编解码器: h264, 音频编解码器: aac
分类: 📺央视频道, 名称: CCTV-3, 有效: 3, IPv4: 5, IPv6: 0, 最小延迟: 97 ms, 最高速率: 6.85 M/s, 平均速率: 5.91 M/s, 最高分辨率: 1920x1080, 平均帧率: 30.00, 视频编解码器: h264, 音频编解码器: aac
分类: 📺央视频道, 名称: CCTV-4, 有效: 3, IPv4: 5, IPv6: 0, 最小延迟: 77 ms, 最高速率: 7.94 M/s, 平均速率: 6.46 M/s, 最高分辨率: 1920x1080, 平均帧率: 28.33, 视频编解码器: h264, 音频编解码器: aac
分类: 📺央视频道, 名称: CCTV-5, 有效: 3, IPv4: 6, IPv6: 0, 最小延迟: 78 ms, 最高速率: 8.69 M/s, 平均速率: 8.22 M/s, 最高分辨率: 1920x1080, 平均帧率: 30.00, 视频编解码器: h264, 音频编解码器: aac
分类: 📺央视频道, 名称: CCTV-6, 有效: 3, IPv4: 5, IPv6: 0, 最小延迟: 70 ms, 最高速率: 9.02 M/s, 平均速率: 8.64 M/s, 最高分辨率: 1920x1080, 平均帧率: 30.00, 视频编解码器: h264, 音频编解码器: aac
分类: 📺央视频道, 名称: CCTV-5+, 有效: 3, IPv4: 4, IPv6: 0, 最小延迟: 573 ms, 最高速率: 8.69 M/s, 平均速率: 5.48 M/s, 最高分辨率: 1920x1080, 平均帧率: 25.00, 视频编解码器: h264, 音频编解码器: aac
分类: 📺央视频道, 名称: CCTV-7, 有效: 3, IPv4: 5, IPv6: 0, 最小延迟: 82 ms, 最高速率: 9.04 M/s, 平均速率: 8.35 M/s, 最高分辨率: 1920x1080, 平均帧率: 30.00, 视频编解码器: h264, 音频编解码器: aac
分类: 📺央视频道, 名称: CCTV-8, 有效: 3, IPv4: 5, IPv6: 0, 最小延迟: 72 ms, 最高速率: 8.94 M/s, 平均速率: 8.00 M/s, 最高分辨率: 1920x1080, 平均帧率: 30.00, 视频编解码器: h264, 音频编解码器: aac
分类: 📺央视频道, 名称: CCTV-9, 有效: 3, IPv4: 5, IPv6: 0, 最小延迟: 74 ms, 最高速率: 8.58 M/s, 平均速率: 8.50 M/s, 最高分辨率: 1920x1080, 平均帧率: 30.00, 视频编解码器: h264, 音频编解码器: aac
分类: 📺央视频道, 名称: CCTV-10, 有效: 3, IPv4: 5, IPv6: 0, 最小延迟: 84 ms, 最高速率: 8.00 M/s, 平均速率: 7.30 M/s, 最高分辨率: 1920x1080, 平均帧率: 30.00, 视频编解码器: h264, 音频编解码器: aac
分类: 📺央视频道, 名称: CCTV-11, 有效: 3, IPv4: 5, IPv6: 0, 最小延迟: 150 ms, 最高速率: 5.53 M/s, 平均速率: 4.51 M/s, 最高分辨率: 1920x1080, 平均帧率: 30.00, 视频编解码器: h264, 音频编解码器: aac
分类: 📺央视频道, 名称: CCTV-12, 有效: 3, IPv4: 5, IPv6: 0, 最小延迟: 71 ms, 最高速率: 9.00 M/s, 平均速率: 6.48 M/s, 最高分辨率: 1920x1080, 平均帧率: 28.33, 视频编解码器: h264, 音频编解码器: aac
分类: 📺央视频道, 名称: CCTV-13, 有效: 3, IPv4: 5, IPv6: 0, 最小延迟: 74 ms, 最高速率: 9.16 M/s, 平均速率: 8.36 M/s, 最高分辨率: 1920x1080, 平均帧率: 30.00, 视频编解码器: h264, 音频编解码器: aac
分类: 📺央视频道, 名称: CCTV-14, 有效: 3, IPv4: 5, IPv6: 0, 最小延迟: 79 ms, 最高速率: 8.20 M/s, 平均速率: 8.13 M/s, 最高分辨率: 1920x1080, 平均帧率: 30.00, 视频编解码器: h264, 音频编解码器: aac
分类: 📺央视频道, 名称: CCTV-15, 有效: 3, IPv4: 5, IPv6: 0, 最小延迟: 65 ms, 最高速率: 9.37 M/s, 平均速率: 9.03 M/s, 最高分辨率: 1920x1080, 平均帧率: 30.00, 视频编解码器: h264, 音频编解码器: aac
分类: 📺央视频道, 名称: CCTV-16, 有效: 3, IPv4: 5, IPv6: 0, 最小延迟: 67 ms, 最高速率: 8.93 M/s, 平均速率: 8.66 M/s, 最高分辨率: 1920x1080, 平均帧率: 30.00, 视频编解码器: h264, 音频编解码器: aac
分类: 📺央视频道, 名称: CCTV-17, 有效: 3, IPv4: 5, IPv6: 0, 最小延迟: 83 ms, 最高速率: 8.11 M/s, 平均速率: 7.60 M/s, 最高分辨率: 1920x1080, 平均帧率: 30.00, 视频编解码器: h264, 音频编解码器: aac
分类: 📺央视频道, 名称: CETV-2, 有效: 2, IPv4: 3, IPv6: 0, 最小延迟: 75 ms, 最高速率: 8.79 M/s, 平均速率: 7.17 M/s, 最高分辨率: 1920x1080, 平均帧率: 30.00, 视频编解码器: h264, 音频编解码器: aac
分类: 📺央视频道, 名称: CETV-4, 有效: 0, IPv4: 2, IPv6: 0, 最小延迟: -1 ms, 最高速率: 0.00 M/s, 平均速率: 0.00 M/s, 最高分辨率: None, 平均帧率: 未知, 视频编解码器: 未知, 音频编解码器: 未知
分类: 📡卫视频道, 名称: 浙江卫视, 有效: 3, IPv4: 5, IPv6: 0, 最小延迟: 44 ms, 最高速率: 9.33 M/s, 平均速率: 8.75 M/s, 最高分辨率: 1920x1080, 平均帧率: 30.00, 视频编解码器: h264, 音频编解码器: aac
分类: 📡卫视频道, 名称: 广东卫视, 有效: 4, IPv4: 5, IPv6: 0, 最小延迟: 36 ms, 最高速率: 178.75 M/s, 平均速率: 50.73 M/s, 最高分辨率: 1920x1080, 平均帧率: 28.75, 视频编解码器: h264, 音频编解码器: aac
分类: 📡卫视频道, 名称: 湖南卫视, 有效: 3, IPv4: 5, IPv6: 0, 最小延迟: 63 ms, 最高速率: 9.87 M/s, 平均速率: 8.93 M/s, 最高分辨率: 1920x1080, 平均帧率: 30.00, 视频编解码器: h264, 音频编解码器: aac
分类: 📡卫视频道, 名称: 北京卫视, 有效: 3, IPv4: 5, IPv6: 0, 最小延迟: 78 ms, 最高速率: 7.16 M/s, 平均速率: 6.57 M/s, 最高分辨率: 1920x1080, 平均帧率: 30.00, 视频编解码器: h264, 音频编解码器: aac
分类: 📡卫视频道, 名称: 湖北卫视, 有效: 3, IPv4: 5, IPv6: 0, 最小延迟: 79 ms, 最高速率: 8.22 M/s, 平均速率: 7.93 M/s, 最高分辨率: 1920x1080, 平均帧率: 30.00, 视频编解码器: h264, 音频编解码器: aac
分类: 📡卫视频道, 名称: 黑龙江卫视, 有效: 3, IPv4: 5, IPv6: 0, 最小延迟: 67 ms, 最高速率: 8.61 M/s, 平均速率: 8.48 M/s, 最高分辨率: 1920x1080, 平均帧率: 30.00, 视频编解码器: h264, 音频编解码器: aac
分类: 📡卫视频道, 名称: 安徽卫视, 有效: 4, IPv4: 5, IPv6: 0, 最小延迟: 80 ms, 最高速率: 7.46 M/s, 平均速率: 7.05 M/s, 最高分辨率: 1920x1080, 平均帧率: 30.00, 视频编解码器: h264, 音频编解码器: aac
分类: 📡卫视频道, 名称: 重庆卫视, 有效: 3, IPv4: 4, IPv6: 0, 最小延迟: 69 ms, 最高速率: 8.51 M/s, 平均速率: 7.42 M/s, 最高分辨率: 1920x1080, 平均帧率: 28.33, 视频编解码器: h264, 音频编解码器: aac
分类: 📡卫视频道, 名称: 东方卫视, 有效: 3, IPv4: 5, IPv6: 0, 最小延迟: 86 ms, 最高速率: 7.85 M/s, 平均速率: 7.62 M/s, 最高分辨率: 1920x1080, 平均帧率: 30.00, 视频编解码器: h264, 音频编解码器: aac
分类: 📡卫视频道, 名称: 东南卫视, 有效: 3, IPv4: 5, IPv6: 0, 最小延迟: 75 ms, 最高速率: 8.73 M/s, 平均速率: 7.77 M/s, 最高分辨率: 1920x1080, 平均帧率: 30.00, 视频编解码器: h264, 音频编解码器: aac
分类: 📡卫视频道, 名称: 甘肃卫视, 有效: 3, IPv4: 5, IPv6: 0, 最小延迟: 88 ms, 最高速率: 7.02 M/s, 平均速率: 6.74 M/s, 最高分辨率: 1920x1080, 平均帧率: 30.00, 视频编解码器: h264, 音频编解码器: aac
分类: 📡卫视频道, 名称: 贵州卫视, 有效: 3, IPv4: 5, IPv6: 0, 最小延迟: 66 ms, 最高速率: 9.49 M/s, 平均速率: 8.99 M/s, 最高分辨率: 1920x1080, 平均帧率: 30.00, 视频编解码器: h264, 音频编解码器: aac
分类: 📡卫视频道, 名称: 海南卫视, 有效: 3, IPv4: 5, IPv6: 0, 最小延迟: 67 ms, 最高速率: 8.46 M/s, 平均速率: 8.20 M/s, 最高分辨率: 1920x1080, 平均帧率: 30.00, 视频编解码器: h264, 音频编解码器: aac
分类: 📡卫视频道, 名称: 河北卫视, 有效: 3, IPv4: 5, IPv6: 0, 最小延迟: 79 ms, 最高速率: 7.68 M/s, 平均速率: 7.16 M/s, 最高分辨率: 1920x1080, 平均帧率: 30.00, 视频编解码器: h264, 音频编解码器: aac
分类: 📡卫视频道, 名称: 河南卫视, 有效: 3, IPv4: 5, IPv6: 0, 最小延迟: 89 ms, 最高速率: 7.52 M/s, 平均速率: 7.12 M/s, 最高分辨率: 1920x1080, 平均帧率: 30.00, 视频编解码器: h264, 音频编解码器: aac
分类: 📡卫视频道, 名称: 吉林卫视, 有效: 3, IPv4: 5, IPv6: 0, 最小延迟: 82 ms, 最高速率: 7.71 M/s, 平均速率: 7.54 M/s, 最高分辨率: 1920x1080, 平均帧率: 30.00, 视频编解码器: h264, 音频编解码器: aac
分类: 📡卫视频道, 名称: 江苏卫视, 有效: 3, IPv4: 5, IPv6: 0, 最小延迟: 78 ms, 最高速率: 8.06 M/s, 平均速率: 7.59 M/s, 最高分辨率: 1920x1080, 平均帧率: 30.00, 视频编解码器: h264, 音频编解码器: aac
分类: 📡卫视频道, 名称: 江西卫视, 有效: 3, IPv4: 5, IPv6: 0, 最小延迟: 80 ms, 最高速率: 7.95 M/s, 平均速率: 7.41 M/s, 最高分辨率: 1920x1080, 平均帧率: 30.00, 视频编解码器: h264, 音频编解码器: aac
分类: 📡卫视频道, 名称: 辽宁卫视, 有效: 3, IPv4: 5, IPv6: 0, 最小延迟: 88 ms, 最高速率: 7.19 M/s, 平均速率: 7.06 M/s, 最高分辨率: 1920x1080, 平均帧率: 30.00, 视频编解码器: h264, 音频编解码器: aac
分类: 📡卫视频道, 名称: 内蒙古卫视, 有效: 3, IPv4: 5, IPv6: 0, 最小延迟: 64 ms, 最高速率: 9.19 M/s, 平均速率: 8.41 M/s, 最高分辨率: 1920x1080, 平均帧率: 28.33, 视频编解码器: h264, 音频编解码器: aac
分类: 📡卫视频道, 名称: 宁夏卫视, 有效: 3, IPv4: 5, IPv6: 0, 最小延迟: 82 ms, 最高速率: 8.16 M/s, 平均速率: 7.94 M/s, 最高分辨率: 1920x1080, 平均帧率: 30.00, 视频编解码器: h264, 音频编解码器: aac
分类: 📡卫视频道, 名称: 青海卫视, 有效: 3, IPv4: 5, IPv6: 0, 最小延迟: 74 ms, 最高速率: 8.45 M/s, 平均速率: 8.24 M/s, 最高分辨率: 1920x1080, 平均帧率: 30.00, 视频编解码器: h264, 音频编解码器: aac
分类: 📡卫视频道, 名称: 山东卫视, 有效: 3, IPv4: 5, IPv6: 0, 最小延迟: 64 ms, 最高速率: 9.27 M/s, 平均速率: 8.84 M/s, 最高分辨率: 1920x1080, 平均帧率: 30.00, 视频编解码器: h264, 音频编解码器: aac
分类: 📡卫视频道, 名称: 广西卫视, 有效: 3, IPv4: 5, IPv6: 0, 最小延迟: 77 ms, 最高速率: 8.91 M/s, 平均速率: 7.55 M/s, 最高分辨率: 1920x1080, 平均帧率: 28.33, 视频编解码器: h264, 音频编解码器: aac
分类: 📡卫视频道, 名称: 陕西卫视, 有效: 3, IPv4: 5, IPv6: 0, 最小延迟: 70 ms, 最高速率: 8.58 M/s, 平均速率: 8.35 M/s, 最高分辨率: 1920x1080, 平均帧率: 28.75, 视频编解码器: h264, 音频编解码器: aac
分类: 📡卫视频道, 名称: 四川卫视, 有效: 3, IPv4: 5, IPv6: 0, 最小延迟: 66 ms, 最高速率: 8.60 M/s, 平均速率: 8.46 M/s, 最高分辨率: 1920x1080, 平均帧率: 30.00, 视频编解码器: h264, 音频编解码器: aac
分类: 📡卫视频道, 名称: 山西卫视, 有效: 2, IPv4: 3, IPv6: 0, 最小延迟: 78 ms, 最高速率: 7.97 M/s, 平均速率: 7.95 M/s, 最高分辨率: 1920x1080, 平均帧率: 30.00, 视频编解码器: h264, 音频编解码器: aac
分类: 📡卫视频道, 名称: 深圳卫视, 有效: 3, IPv4: 5, IPv6: 0, 最小延迟: 72 ms, 最高速率: 8.25 M/s, 平均速率: 8.12 M/s, 最高分辨率: 1920x1080, 平均帧率: 30.00, 视频编解码器: h264, 音频编解码器: aac
分类: 📡卫视频道, 名称: 三沙卫视, 有效: 3, IPv4: 5, IPv6: 0, 最小延迟: 71 ms, 最高速率: 8.76 M/s, 平均速率: 8.00 M/s, 最高分辨率: 1920x1080, 平均帧率: 30.00, 视频编解码器: h264, 音频编解码器: aac
分类: 📡卫视频道, 名称: 天津卫视, 有效: 3, IPv4: 5, IPv6: 0, 最小延迟: 78 ms, 最高速率: 7.44 M/s, 平均速率: 7.18 M/s, 最高分辨率: 1920x1080, 平均帧率: 30.00, 视频编解码器: h264, 音频编解码器: aac
分类: 📺央视频道, 名称: CETV-1, 有效: 2, IPv4: 4, IPv6: 0, 最小延迟: 75 ms, 最高速率: 8.69 M/s, 平均速率: 4.88 M/s, 最高分辨率: 1920x1080, 平均帧率: 30.00, 视频编解码器: h264, 音频编解码器: aac
分类: 📡卫视频道, 名称: 西藏卫视, 有效: 3, IPv4: 5, IPv6: 0, 最小延迟: 73 ms, 最高速率: 8.98 M/s, 平均速率: 8.00 M/s, 最高分辨率: 1920x1080, 平均帧率: 30.00, 视频编解码器: h264, 音频编解码器: aac
分类: 📡卫视频道, 名称: 新疆卫视, 有效: 3, IPv4: 5, IPv6: 0, 最小延迟: 84 ms, 最高速率: 7.65 M/s, 平均速率: 7.50 M/s, 最高分辨率: 1920x1080, 平均帧率: 30.00, 视频编解码器: h264, 音频编解码器: aac
分类: 📡卫视频道, 名称: 云南卫视, 有效: 3, IPv4: 5, IPv6: 0, 最小延迟: 74 ms, 最高速率: 7.83 M/s, 平均速率: 7.14 M/s, 最高分辨率: 1920x1080, 平均帧率: 30.00, 视频编解码器: h264, 音频编解码器: aac
分类: ☘️广东频道, 名称: 大湾区卫视, 有效: 3, IPv4: 5, IPv6: 0, 最小延迟: 64 ms, 最高速率: 9.11 M/s, 平均速率: 8.75 M/s, 最高分辨率: 1920x1080, 平均帧率: 30.00, 视频编解码器: h264, 音频编解码器: aac
分类: ☘️广东频道, 名称: 广东珠江, 有效: 2, IPv4: 3, IPv6: 0, 最小延迟: 78 ms, 最高速率: 8.11 M/s, 平均速率: 7.93 M/s, 最高分辨率: 1920x1080, 平均帧率: 30.00, 视频编解码器: h264, 音频编解码器: aac
分类: ☘️广东频道, 名称: 广东新闻, 有效: 1, IPv4: 2, IPv6: 0, 最小延迟: 510 ms, 最高速率: 4.18 M/s, 平均速率: 4.18 M/s, 最高分辨率: 1280x720, 平均帧率: 25.00, 视频编解码器: h264, 音频编解码器: aac
分类: ☘️广东频道, 名称: 广东民生, 有效: 1, IPv4: 2, IPv6: 0, 最小延迟: 473 ms, 最高速率: 3.42 M/s, 平均速率: 3.42 M/s, 最高分辨率: 1280x720, 平均帧率: 25.00, 视频编解码器: h264, 音频编解码器: aac
分类: ☘️广东频道, 名称: 广州综合, 有效: 1, IPv4: 1, IPv6: 0, 最小延迟: 1678 ms, 最高速率: 0.37 M/s, 平均速率: 0.37 M/s, 最高分辨率: 1280x720, 平均帧率: 25.00, 视频编解码器: h264, 音频编解码器: aac
